===============================================
SPELL SLOT USAGE TRACKING - TEST OUTPUT
===============================================

$ ./dndcsg create -name "Gandalf" -race "human" -class wizard -level 20 -str 8 -dex 10 -con 12 -int 14 -wis 15 -cha 13
saved character Gandalf

$ ./dndcsg prepare-spell -name "Gandalf" -spell "fire bolt"
Prepared spell fire bolt

$ ./dndcsg prepare-spell -name "Gandalf" -spell "burning hands"
Prepared spell burning hands

$ ./dndcsg prepare-spell -name "Gandalf" -spell "feeblemind"
Prepared spell feeblemind

$ ./dndcsg view -name "Gandalf"
Name: Gandalf
Class: wizard
Race: human
Background: acolyte
Level: 20
Ability scores:
  STR: 9 (-1)
  DEX: 11 (+0)
  CON: 13 (+1)
  INT: 15 (+2)
  WIS: 16 (+3)
  CHA: 14 (+2)
Proficiency bonus: +6
Skill proficiencies: arcana, history, insight, religion
Spell slots:
  Level 0: 5
  Level 1: 4
  Level 2: 3
  Level 3: 3
  Level 4: 3
  Level 5: 3
  Level 6: 2
  Level 7: 2
  Level 8: 1
  Level 9: 1
Spellcasting ability: intelligence
Spell save DC: 16
Spell attack bonus: +8
Prepared spells:
  - fire bolt
  - burning hands
  - feeblemind
Armor class: 10
Initiative bonus: 0
Passive perception: 13

$ ./dndcsg cast-spell -name "Gandalf" -spell "burning hands"
Spell slots:
  Level 0: 5
  Level 1: 3
  Level 2: 3
  Level 3: 3
  Level 4: 3
  Level 5: 3
  Level 6: 2
  Level 7: 2
  Level 8: 1
  Level 9: 1

$ ./dndcsg cast-spell -name "Gandalf" -spell "fire bolt"
Spell slots:
  Level 0: 5
  Level 1: 3
  Level 2: 3
  Level 3: 3
  Level 4: 3
  Level 5: 3
  Level 6: 2
  Level 7: 2
  Level 8: 1
  Level 9: 1

$ ./dndcsg cast-spell -name "Gandalf" -spell "feeblemind"
Spell slots:
  Level 0: 5
  Level 1: 3
  Level 2: 3
  Level 3: 3
  Level 4: 3
  Level 5: 3
  Level 6: 2
  Level 7: 2
  Level 8: 0
  Level 9: 1

$ ./dndcsg cast-spell -name "Gandalf" -spell "feeblemind"
No spell slot available!
